🚀 Navigating to frontend directory (/opt/coroot-work/coroot/deploy/../front)...
📦 Installing npm dependencies...
npm warn EBADENGINE Unsupported engine {
npm warn EBADENGINE   package: '@achrinza/node-ipc@9.2.5',
npm warn EBADENGINE   required: {
npm warn EBADENGINE     node: '8 || 9 || 10 || 11 || 12 || 13 || 14 || 15 || 16 || 17 || 18'
npm warn EBADENGINE   },
npm warn EBADENGINE   current: { node: 'v24.11.0', npm: '11.6.1' }
npm warn EBADENGINE }
npm warn deprecated stable@0.1.8: Modern JS already guarantees Array#sort() is a stable sort, so this library is deprecated. See the compatibility table on MDN: https://developer.mozilla.org/en-US/docs/Web/JavaScript/Reference/Global_Objects/Array/sort#browser_compatibility

added 992 packages, and audited 993 packages in 8s

124 packages are looking for funding
  run `npm fund` for details

35 vulnerabilities (5 low, 18 moderate, 12 high)

To address issues that do not require attention, run:
  npm audit fix

To address all issues (including breaking changes), run:
  npm audit fix --force

Run `npm audit` for details.
🔨 Building frontend resources for production...

> @coroot/coroot@0.1.0 build-prod
> vue-cli-service build --dest=../static src/main.js

Browserslist: caniuse-lite is outdated. Please run:
  npx update-browserslist-db@latest
  Why you should do it regularly: https://github.com/browserslist/update-db#readme
All browser targets in the browserslist configuration have supported ES module.
Therefore we don't build two separate bundles for differential loading.


-  Building for production...
(node:132054) [DEP0180] DeprecationWarning: fs.Stats constructor is deprecated.
(Use `node --trace-deprecation ...` to show where the warning was created)
Browserslist: caniuse-lite is outdated. Please run:
  npx update-browserslist-db@latest
  Why you should do it regularly: https://github.com/browserslist/update-db#readme
(node:132079) [DEP0180] DeprecationWarning: fs.Stats constructor is deprecated.
(Use `node --trace-deprecation ...` to show where the warning was created)
Browserslist: caniuse-lite is outdated. Please run:
  npx update-browserslist-db@latest
  Why you should do it regularly: https://github.com/browserslist/update-db#readme
(node:132072) [DEP0180] DeprecationWarning: fs.Stats constructor is deprecated.
(Use `node --trace-deprecation ...` to show where the warning was created)
Browserslist: caniuse-lite is outdated. Please run:
  npx update-browserslist-db@latest
  Why you should do it regularly: https://github.com/browserslist/update-db#readme
(node:132085) [DEP0180] DeprecationWarning: fs.Stats constructor is deprecated.
(Use `node --trace-deprecation ...` to show where the warning was created)
Browserslist: caniuse-lite is outdated. Please run:
  npx update-browserslist-db@latest
  Why you should do it regularly: https://github.com/browserslist/update-db#readme
Browserslist: caniuse-lite is outdated. Please run:
  npx update-browserslist-db@latest
  Why you should do it regularly: https://github.com/browserslist/update-db#readme
(node:132071) [DEP0180] DeprecationWarning: fs.Stats constructor is deprecated.
(Use `node --trace-deprecation ...` to show where the warning was created)
Browserslist: caniuse-lite is outdated. Please run:
  npx update-browserslist-db@latest
  Why you should do it regularly: https://github.com/browserslist/update-db#readme
(node:132074) [DEP0180] DeprecationWarning: fs.Stats constructor is deprecated.
(Use `node --trace-deprecation ...` to show where the warning was created)
(node:132091) [DEP0180] DeprecationWarning: fs.Stats constructor is deprecated.
(Use `node --trace-deprecation ...` to show where the warning was created)
Browserslist: caniuse-lite is outdated. Please run:
  npx update-browserslist-db@latest
  Why you should do it regularly: https://github.com/browserslist/update-db#readme
(node:132157) [DEP0180] DeprecationWarning: fs.Stats constructor is deprecated.
(Use `node --trace-deprecation ...` to show where the warning was created)
Browserslist: caniuse-lite is outdated. Please run:
  npx update-browserslist-db@latest
  Why you should do it regularly: https://github.com/browserslist/update-db#readme
(node:132144) [DEP0180] DeprecationWarning: fs.Stats constructor is deprecated.
(Use `node --trace-deprecation ...` to show where the warning was created)
Browserslist: caniuse-lite is outdated. Please run:
  npx update-browserslist-db@latest
  Why you should do it regularly: https://github.com/browserslist/update-db#readme
(node:132159) [DEP0180] DeprecationWarning: fs.Stats constructor is deprecated.
(Use `node --trace-deprecation ...` to show where the warning was created)
Browserslist: caniuse-lite is outdated. Please run:
  npx update-browserslist-db@latest
  Why you should do it regularly: https://github.com/browserslist/update-db#readme
(node:132145) [DEP0180] DeprecationWarning: fs.Stats constructor is deprecated.
(Use `node --trace-deprecation ...` to show where the warning was created)
Browserslist: caniuse-lite is outdated. Please run:
  npx update-browserslist-db@latest
  Why you should do it regularly: https://github.com/browserslist/update-db#readme
(node:132151) [DEP0180] DeprecationWarning: fs.Stats constructor is deprecated.
(Use `node --trace-deprecation ...` to show where the warning was created)
Browserslist: caniuse-lite is outdated. Please run:
  npx update-browserslist-db@latest
  Why you should do it regularly: https://github.com/browserslist/update-db#readme
(node:132143) [DEP0180] DeprecationWarning: fs.Stats constructor is deprecated.
(Use `node --trace-deprecation ...` to show where the warning was created)
Browserslist: caniuse-lite is outdated. Please run:
  npx update-browserslist-db@latest
  Why you should do it regularly: https://github.com/browserslist/update-db#readme
(node:132216) [DEP0180] DeprecationWarning: fs.Stats constructor is deprecated.
(Use `node --trace-deprecation ...` to show where the warning was created)
Browserslist: caniuse-lite is outdated. Please run:
  npx update-browserslist-db@latest
  Why you should do it regularly: https://github.com/browserslist/update-db#readme
(node:132210) [DEP0180] DeprecationWarning: fs.Stats constructor is deprecated.
(Use `node --trace-deprecation ...` to show where the warning was created)
Browserslist: caniuse-lite is outdated. Please run:
  npx update-browserslist-db@latest
  Why you should do it regularly: https://github.com/browserslist/update-db#readme
(node:132209) [DEP0180] DeprecationWarning: fs.Stats constructor is deprecated.
(Use `node --trace-deprecation ...` to show where the warning was created)
[1m[33m[@vue/compiler-sfc][0m[33m the >>> and /deep/ combinators have been deprecated. Use :deep() instead.[0m

[1m[33m[@vue/compiler-sfc][0m[33m the >>> and /deep/ combinators have been deprecated. Use :deep() instead.[0m

[1m[33m[@vue/compiler-sfc][0m[33m the >>> and /deep/ combinators have been deprecated. Use :deep() instead.[0m

Browserslist: caniuse-lite is outdated. Please run:
  npx update-browserslist-db@latest
  Why you should do it regularly: https://github.com/browserslist/update-db#readme
Browserslist: caniuse-lite is outdated. Please run:
  npx update-browserslist-db@latest
  Why you should do it regularly: https://github.com/browserslist/update-db#readme
 WARNING  Compiled with 3 warnings5:28:53 PM

 warning  

asset size limit: The following asset(s) exceed the recommended size limit (244 KiB).
This can impact web performance.
Assets: 
  js/app.6fa4976a.js (491 KiB)
  css/chunk-vendors.420d2ba8.css (442 KiB)
  js/chunk-vendors.714b4214.js (2.21 MiB)
  css/mdi.css (326 KiB)
  fonts/mdi.eot (1.2 MiB)
  fonts/mdi.ttf (1.2 MiB)
  fonts/mdi.woff (555 KiB)
  fonts/mdi.woff2 (383 KiB)
  readme/logs.png (302 KiB)
  readme/postgres.png (436 KiB)

 warning  

entrypoint size limit: The following entrypoint(s) combined asset size exceeds the recommended limit (244 KiB). This can impact web performance.
Entrypoints:
  app (3.16 MiB)
      css/chunk-vendors.420d2ba8.css
      js/chunk-vendors.714b4214.js
      css/app.cd6e5532.css
      js/app.6fa4976a.js


 warning  

webpack performance recommendations: 
You can limit the size of your bundles by using import() or require.ensure to lazy load some parts of your application.
For more info visit https://webpack.js.org/guides/code-splitting/

  File                                      Size             Gzipped

  ../static/js/chunk-vendors.714b4214.js    2257.98 KiB      710.97 KiB
  ../static/js/app.6fa4976a.js              491.49 KiB       114.17 KiB
  ../static/css/chunk-vendors.420d2ba8.c    442.46 KiB       54.25 KiB
  ss
  ../static/css/mdi.css                     326.14 KiB       51.55 KiB
  ../static/css/app.cd6e5532.css            43.02 KiB        7.53 KiB
  ../static/css/roboto.css                  5.51 KiB         0.47 KiB

  Images and other types of assets omitted.
  Build at: 2026-02-28T09:28:53.705Z - Hash: 7418c35ad8fdd9fc - Time: 26473ms

 DONE  Build complete. The ../static directory is ready to be deployed.
 INFO  Check out deployment instructions at https://cli.vuejs.org/guide/deployment.html
       
✅ Frontend build complete! The static files have been generated in the ../static directory.
